../Core/Src/main.c:86:3:__io_putchar	16	static
../Core/Src/main.c:96:6:HAL_UART_RxCpltCallback	16	static
../Core/Src/main.c:106:5:main	80	static
../Core/Src/main.c:169:6:SystemClock_Config	88	static
../Core/Src/main.c:215:13:MX_ETH_Init	8	static
../Core/Src/main.c:264:13:MX_USART2_UART_Init	8	static
../Core/Src/main.c:297:13:MX_USART3_UART_Init	8	static
../Core/Src/main.c:330:13:MX_USB_OTG_FS_PCD_Init	8	static
../Core/Src/main.c:365:13:MX_GPIO_Init	56	static
../Core/Src/main.c:423:6:Error_Handler	4	static,ignoring_inline_asm
