../Core/Src/main.c:92:3:__io_putchar	16	static
../Core/Src/main.c:108:5:main	8	static
../Core/Src/main.c:165:6:SystemClock_Config	88	static
../Core/Src/main.c:211:13:MX_ADC1_Init	24	static
../Core/Src/main.c:272:13:MX_ETH_Init	8	static
../Core/Src/main.c:321:13:MX_TIM2_Init	48	static
../Core/Src/main.c:374:13:MX_USART3_UART_Init	8	static
../Core/Src/main.c:407:13:MX_USB_OTG_FS_PCD_Init	8	static
../Core/Src/main.c:440:13:MX_DMA_Init	16	static
../Core/Src/main.c:458:13:MX_GPIO_Init	56	static
../Core/Src/main.c:516:6:Error_Handler	4	static,ignoring_inline_asm
